Running BubbleAgentMemory tests...

[BubbleAgentMemory] Initialized {
  isNew: true,
  onboardingCompleted: false,
  riskScore: null,
  totalVisits: 1
}


************************************************************
*  BUBBLEAGENTMEMORY TEST SUITE
************************************************************

============================================================
TEST GROUP: 1. INITIALIZATION TESTS
============================================================
[BubbleAgentMemory] State reset
[PASS] 1.1.1 Fresh state is created
[PASS] 1.1.2 createdAt is set
[PASS] 1.1.3 lastUpdated is set
[PASS] 1.1.4 Version is set correctly
[PASS] 1.1.5 Total visits starts at 1
[PASS] 1.1.6 Risk score starts as null
[PASS] 1.1.7 Risk confidence starts at 0
[PASS] 1.1.8 Traits start empty
[BubbleAgentMemory] Initialized {
  isNew: false,
  onboardingCompleted: false,
  riskScore: 50,
  totalVisits: 2
}
[PASS] 1.2.1 Risk score is recovered from localStorage
[PASS] 1.2.2 Traits are recovered
[PASS] 1.2.3 Goal is recovered
[PASS] 1.2.4 Total visits increments on reload
[BubbleAgentMemory] Corrupt state, resetting: Unexpected token 'h', "this is not"... is not valid JSON
[BubbleAgentMemory] Initialized {
  isNew: false,
  onboardingCompleted: false,
  riskScore: null,
  totalVisits: 1
}
[PASS] 1.3.1 Corrupt JSON does not throw error
[PASS] 1.3.2 Fresh state created after corrupt data
[PASS] 1.3.3 Corrupt data results in fresh profile
[BubbleAgentMemory] Migrating from version 0.9.0 to 1.0.0
[BubbleAgentMemory] Initialized {
  isNew: false,
  onboardingCompleted: false,
  riskScore: 65,
  totalVisits: 11
}
[PASS] 1.4.1 Version is updated after migration
[PASS] 1.4.2 Old profile data preserved
[PASS] 1.4.3 Old traits preserved
[PASS] 1.4.4 New fields added during migration
[PASS] 1.4.5 Visit count incremented after migration

============================================================
TEST GROUP: 2. PROFILE METHODS TESTS
============================================================
[BubbleAgentMemory] State reset
[PASS] 2.1.1 First risk score sets value directly
[PASS] 2.1.2 First update sets initial confidence
[PASS] 2.1.3 Second update creates weighted average
[FAIL] 2.1.4 Confidence increases with more data
[BubbleAgentMemory] Invalid risk score: -10
[PASS] 2.1.5 Negative score ignored
[BubbleAgentMemory] Invalid risk score: 150
[PASS] 2.1.6 Score > 100 ignored
[BubbleAgentMemory] Invalid risk score: invalid
[PASS] 2.1.7 Non-number score ignored
[BubbleAgentMemory] State reset
[PASS] 2.2.1 First adjustment starts from 50 + delta
[PASS] 2.2.2 Negative adjustment subtracts from score
[PASS] 2.2.3 Score cannot go below 0
[PASS] 2.2.4 Score cannot exceed 100
[BubbleAgentMemory] State reset
[PASS] 2.3.1 Single trait added
[PASS] 2.3.2 Duplicate traits not added (case insensitive)
[PASS] 2.3.3 Multiple traits added
[PASS] 2.3.4 Empty/null/undefined traits ignored
[PASS] 2.3.5 Traits limited to 15 max
[BubbleAgentMemory] State reset
[PASS] 2.4.1 Goal normalized to lowercase
[PASS] 2.4.2 Valid horizon accepted
[PASS] 2.4.3 Invalid horizon ignored
[PASS] 2.4.4 Valid knowledge level accepted
[PASS] 2.4.5 Invalid knowledge level ignored
[PASS] 2.4.6 Valid learning style accepted
[PASS] 2.4.7 Valid language accepted
[BubbleAgentMemory] State reset
[PASS] 2.5.1 Risk score adjusted via applyProfileUpdate
[PASS] 2.5.2 Traits added via applyProfileUpdate
[PASS] 2.5.3 Goal set via applyProfileUpdate
[PASS] 2.5.4 Horizon set via applyProfileUpdate
[PASS] 2.5.5 Knowledge level set via applyProfileUpdate
[PASS] 2.5.6 Insight added via applyProfileUpdate
[PASS] 2.5.7 Null/undefined/empty updates do not throw

============================================================
TEST GROUP: 3. JOURNEY METHODS TESTS
============================================================
[BubbleAgentMemory] State reset
[PASS] 3.1.1 Onboarding start timestamp set
[PASS] 3.1.2 Progress starts at 0
[PASS] 3.1.3 Initial stage is welcome
[PASS] 3.1.4 Progress updated to 25
[PASS] 3.1.5 Stage updated
[PASS] 3.1.6 Progress updated without stage change
[PASS] 3.1.7 Stage preserved when not provided
[PASS] 3.1.8 Progress clamped to minimum 0
[PASS] 3.1.9 Progress clamped to maximum 100
[PASS] 3.1.10 Onboarding completion timestamp set
[PASS] 3.1.11 Progress set to 100 on completion
[PASS] 3.1.12 Stage set to completed
[PASS] 3.1.13 isOnboardingCompleted returns true
[BubbleAgentMemory] State reset
[PASS] 3.2.1 Three page visits recorded
[PASS] 3.2.2 First visit is home
[PASS] 3.2.3 Timestamp included with visit
[PASS] 3.2.4 Page visits limited to 100
[BubbleAgentMemory] State reset
[PASS] 3.3.1 Two actions recorded
[PASS] 3.3.2 Action name recorded
[PASS] 3.3.3 Context preserved
[PASS] 3.3.4 Actions limited to 100
[BubbleAgentMemory] State reset
[PASS] 3.4.1 Strategy test recorded
[PASS] 3.4.2 Allocation preserved
[PASS] 3.4.3 Metrics preserved
[PASS] 3.4.4 Strategies limited to 50
[BubbleAgentMemory] State reset
[PASS] 3.5.1 Duplicate questions not added
[PASS] 3.5.2 Question topic recorded

============================================================
TEST GROUP: 4. MEMORY METHODS TESTS
============================================================
[BubbleAgentMemory] State reset
[PASS] 4.1.1 Two key insights added
[PASS] 4.1.2 Insight text preserved
[PASS] 4.1.3 Source preserved
[PASS] 4.1.4 Timestamp included
[PASS] 4.1.5 Key insights limited to 30
[BubbleAgentMemory] State reset
[PASS] 4.2.1 Duplicate topics not added
[PASS] 4.2.2 Topic recorded
[PASS] 4.2.3 Topics limited to 50
[BubbleAgentMemory] State reset
[PASS] 4.3.1 Summary saved
[PASS] 4.3.2 Conversation count incremented
[PASS] 4.3.3 Last message timestamp set
[PASS] 4.3.4 Conversation count incremented again

============================================================
TEST GROUP: 5. GETTER TESTS
============================================================
[BubbleAgentMemory] State reset
[PASS] 5.1.1 LLM context has profile
[PASS] 5.1.2 LLM context has journey
[PASS] 5.1.3 LLM context has memory
[PASS] 5.1.4 Traits limited to 5 for token efficiency
[PASS] 5.1.5 Key insights limited to 5 for token efficiency
[PASS] 5.1.6 Topics limited to 10 for token efficiency
[PASS] 5.1.7 Onboarding completion boolean
[PASS] 5.1.8 Page visit count (not full array)
[PASS] 5.1.9 Only last page included
[PASS] 5.1.10 isReturningUser flag included
[PASS] 5.2.1 Allocation returned for user with risk score
[PASS] 5.2.2 Allocation has stocks
[PASS] 5.2.3 Allocation has bonds
[PASS] 5.2.4 Allocation has gold
[PASS] 5.2.5 Gold has minimum 5%
[PASS] 5.2.6 Profile name included
[PASS] 5.2.7 Risk score included in allocation
[PASS] 5.3.1 Score 10 contains Prudent
[PASS] 5.3.2 Score 30 = Prudent
[PASS] 5.3.3 Score 50 contains quilibr (Equilibre with accent)
[PASS] 5.3.4 Score 70 = Dynamique
[PASS] 5.3.5 Score 90 = Offensif
[PASS] 5.3.6 Null score returns null
[BubbleAgentMemory] Initialized {
  isNew: false,
  onboardingCompleted: true,
  riskScore: 65,
  totalVisits: 2
}
[PASS] 5.4.1 Welcome data returned for returning user
[PASS] 5.4.2 Has hours since last visit
[PASS] 5.4.3 Has days since last visit
[PASS] 5.4.4 Has profile name
[PASS] 5.4.5 Has conversation count
[PASS] 5.5.1 isReturningUser true after multiple visits
[BubbleAgentMemory] State reset
[PASS] 5.5.2 isReturningUser false for new user
[PASS] 5.5.3 Welcome data null for new user
[BubbleAgentMemory] State reset
[PASS] 5.6.1 Null allocation when no risk score

============================================================
TEST GROUP: 6. EDGE CASES
============================================================
[BubbleAgentMemory] Initialized {
  isNew: true,
  onboardingCompleted: false,
  riskScore: null,
  totalVisits: 1
}
[PASS] 6.1.1 Init does not throw when localStorage unavailable
[PASS] 6.1.2 Operations work in memory-only mode
[BubbleAgentMemory] State reset
[PASS] 6.2.1 Quota exceeded handled gracefully
[BubbleAgentMemory] State reset
[BubbleAgentMemory] Invalid risk score: null
[BubbleAgentMemory] Invalid risk score: undefined
[BubbleAgentMemory] Invalid risk score: {}
[BubbleAgentMemory] Invalid risk score: []
[PASS] 6.3.1 Invalid risk score inputs do not throw
[PASS] 6.3.2 Invalid trait inputs do not throw
[PASS] 6.3.3 Invalid traits array inputs do not throw
[PASS] 6.3.4 Invalid goal inputs do not throw
[PASS] 6.4.1 applyProfileUpdate handles null/undefined/unknown fields
[PASS] 6.4.2 recordAction handles null/undefined
[PASS] 6.4.3 recordStrategyTest handles null/undefined
[BubbleAgentMemory] State reset
[PASS] 6.5.1 getProfile returns immutable clone
[PASS] 6.5.2 getJourney returns immutable clone
[BubbleAgentMemory] State reset
[PASS] 6.6.1 Export has timestamp
[PASS] 6.6.2 Export has data
[PASS] 6.6.3 Export contains current state
[BubbleAgentMemory] State reset
[PASS] 6.6.4 Reset clears risk score
[PASS] 6.6.5 Reset clears traits
[BubbleAgentMemory] State reset
[BubbleAgentMemory] Profile reset
[PASS] 6.7.1 resetProfile clears risk score
[PASS] 6.7.2 resetProfile preserves journey
[PASS] 6.8.1 Long strings do not throw
[BubbleAgentMemory] State reset
[BubbleAgentMemory] Storage quota exceeded, trimming data
[BubbleAgentMemory] Storage quota exceeded, trimming data
[BubbleAgentMemory] Failed to save even after trimming: QuotaExceededError
[BubbleAgentMemory] Storage quota exceeded, trimming data
[BubbleAgentMemory] Failed to save even after trimming: QuotaExceededError
[BubbleAgentMemory] Storage quota exceeded, trimming data
[BubbleAgentMemory] Failed to save even after trimming: QuotaExceededError
[BubbleAgentMemory] Storage quota exceeded, trimming data
[BubbleAgentMemory] Failed to save even after trimming: QuotaExceededError
[BubbleAgentMemory] Storage quota exceeded, trimming data
[BubbleAgentMemory] Failed to save even after trimming: QuotaExceededError
[BubbleAgentMemory] Storage quota exceeded, trimming data
[BubbleAgentMemory] Failed to save even after trimming: QuotaExceededError
[BubbleAgentMemory] Storage quota exceeded, trimming data
[BubbleAgentMemory] Failed to save even after trimming: QuotaExceededError
[BubbleAgentMemory] Storage quota exceeded, trimming data
[BubbleAgentMemory] Failed to save even after trimming: QuotaExceededError
[BubbleAgentMemory] Storage quota exceeded, trimming data
[BubbleAgentMemory] Failed to save even after trimming: QuotaExceededError
[BubbleAgentMemory] Storage quota exceeded, trimming data
[BubbleAgentMemory] Failed to save even after trimming: QuotaExceededError
[BubbleAgentMemory] Storage quota exceeded, trimming data
[BubbleAgentMemory] Failed to save even after trimming: QuotaExceededError
[BubbleAgentMemory] Storage quota exceeded, trimming data
[BubbleAgentMemory] Failed to save even after trimming: QuotaExceededError
[BubbleAgentMemory] Storage quota exceeded, trimming data
[BubbleAgentMemory] Failed to save even after trimming: QuotaExceededError
[BubbleAgentMemory] Storage quota exceeded, trimming data
[BubbleAgentMemory] Failed to save even after trimming: QuotaExceededError
[BubbleAgentMemory] Storage quota exceeded, trimming data
[BubbleAgentMemory] Failed to save even after trimming: QuotaExceededError
[BubbleAgentMemory] Storage quota exceeded, trimming data
[BubbleAgentMemory] Failed to save even after trimming: QuotaExceededError
[BubbleAgentMemory] Storage quota exceeded, trimming data
[BubbleAgentMemory] Failed to save even after trimming: QuotaExceededError
[BubbleAgentMemory] Storage quota exceeded, trimming data
[BubbleAgentMemory] Failed to save even after trimming: QuotaExceededError
[BubbleAgentMemory] Storage quota exceeded, trimming data
[BubbleAgentMemory] Failed to save even after trimming: QuotaExceededError
[BubbleAgentMemory] Storage quota exceeded, trimming data
[BubbleAgentMemory] Failed to save even after trimming: QuotaExceededError
[BubbleAgentMemory] Storage quota exceeded, trimming data
[BubbleAgentMemory] Failed to save even after trimming: QuotaExceededError
[BubbleAgentMemory] Storage quota exceeded, trimming data
[BubbleAgentMemory] Failed to save even after trimming: QuotaExceededError
[BubbleAgentMemory] Storage quota exceeded, trimming data
[BubbleAgentMemory] Failed to save even after trimming: QuotaExceededError
[BubbleAgentMemory] Storage quota exceeded, trimming data
[BubbleAgentMemory] Failed to save even after trimming: QuotaExceededError
[BubbleAgentMemory] Storage quota exceeded, trimming data
[BubbleAgentMemory] Failed to save even after trimming: QuotaExceededError
[BubbleAgentMemory] Storage quota exceeded, trimming data
[BubbleAgentMemory] Failed to save even after trimming: QuotaExceededError
[BubbleAgentMemory] Storage quota exceeded, trimming data
[BubbleAgentMemory] Failed to save even after trimming: QuotaExceededError
[BubbleAgentMemory] Storage quota exceeded, trimming data
[BubbleAgentMemory] Failed to save even after trimming: QuotaExceededError
[BubbleAgentMemory] Storage quota exceeded, trimming data
[BubbleAgentMemory] Failed to save even after trimming: QuotaExceededError
[BubbleAgentMemory] Storage quota exceeded, trimming data
[BubbleAgentMemory] Failed to save even after trimming: QuotaExceededError
[BubbleAgentMemory] Storage quota exceeded, trimming data
[BubbleAgentMemory] Failed to save even after trimming: QuotaExceededError
[BubbleAgentMemory] Storage quota exceeded, trimming data
[BubbleAgentMemory] Failed to save even after trimming: QuotaExceededError
[BubbleAgentMemory] Storage quota exceeded, trimming data
[BubbleAgentMemory] Failed to save even after trimming: QuotaExceededError
[BubbleAgentMemory] Storage quota exceeded, trimming data
[BubbleAgentMemory] Failed to save even after trimming: QuotaExceededError
[BubbleAgentMemory] Storage quota exceeded, trimming data
[BubbleAgentMemory] Failed to save even after trimming: QuotaExceededError
[BubbleAgentMemory] Storage quota exceeded, trimming data
[BubbleAgentMemory] Failed to save even after trimming: QuotaExceededError
[BubbleAgentMemory] Storage quota exceeded, trimming data
[BubbleAgentMemory] Failed to save even after trimming: QuotaExceededError
[BubbleAgentMemory] Storage quota exceeded, trimming data
[BubbleAgentMemory] Failed to save even after trimming: QuotaExceededError
[BubbleAgentMemory] Storage quota exceeded, trimming data
[BubbleAgentMemory] Failed to save even after trimming: QuotaExceededError
[BubbleAgentMemory] Storage quota exceeded, trimming data
[BubbleAgentMemory] Failed to save even after trimming: QuotaExceededError
[BubbleAgentMemory] Storage quota exceeded, trimming data
[BubbleAgentMemory] Failed to save even after trimming: QuotaExceededError
[BubbleAgentMemory] Storage quota exceeded, trimming data
[BubbleAgentMemory] Failed to save even after trimming: QuotaExceededError
[BubbleAgentMemory] Storage quota exceeded, trimming data
[BubbleAgentMemory] Failed to save even after trimming: QuotaExceededError
[BubbleAgentMemory] Storage quota exceeded, trimming data
[BubbleAgentMemory] Failed to save even after trimming: QuotaExceededError
[BubbleAgentMemory] Storage quota exceeded, trimming data
[BubbleAgentMemory] Failed to save even after trimming: QuotaExceededError
[BubbleAgentMemory] Storage quota exceeded, trimming data
[BubbleAgentMemory] Failed to save even after trimming: QuotaExceededError
[BubbleAgentMemory] Storage quota exceeded, trimming data
[BubbleAgentMemory] Failed to save even after trimming: QuotaExceededError
[BubbleAgentMemory] Storage quota exceeded, trimming data
[BubbleAgentMemory] Failed to save even after trimming: QuotaExceededError
[BubbleAgentMemory] Storage quota exceeded, trimming data
[BubbleAgentMemory] Failed to save even after trimming: QuotaExceededError
[BubbleAgentMemory] Storage quota exceeded, trimming data
[BubbleAgentMemory] Failed to save even after trimming: QuotaExceededError
[BubbleAgentMemory] Storage quota exceeded, trimming data
[BubbleAgentMemory] Failed to save even after trimming: QuotaExceededError
[BubbleAgentMemory] Storage quota exceeded, trimming data
[BubbleAgentMemory] Failed to save even after trimming: QuotaExceededError
[BubbleAgentMemory] Storage quota exceeded, trimming data
[BubbleAgentMemory] Failed to save even after trimming: QuotaExceededError
[BubbleAgentMemory] Storage quota exceeded, trimming data
[BubbleAgentMemory] Failed to save even after trimming: QuotaExceededError
[BubbleAgentMemory] Storage quota exceeded, trimming data
[BubbleAgentMemory] Failed to save even after trimming: QuotaExceededError
[BubbleAgentMemory] Storage quota exceeded, trimming data
[BubbleAgentMemory] Failed to save even after trimming: QuotaExceededError
[BubbleAgentMemory] Storage quota exceeded, trimming data
[BubbleAgentMemory] Failed to save even after trimming: QuotaExceededError
[BubbleAgentMemory] Storage quota exceeded, trimming data
[BubbleAgentMemory] Failed to save even after trimming: QuotaExceededError
[BubbleAgentMemory] Storage quota exceeded, trimming data
[BubbleAgentMemory] Failed to save even after trimming: QuotaExceededError
[BubbleAgentMemory] Storage quota exceeded, trimming data
[BubbleAgentMemory] Failed to save even after trimming: QuotaExceededError
[PASS] 6.9.1 Rapid operations maintain valid state
[PASS] 6.9.2 Limits maintained under rapid operations

============================================================
TEST GROUP: 7. ADDITIONAL COVERAGE TESTS
============================================================
[BubbleAgentMemory] State reset
[PASS] 7.1.1 Emotional response recorded
[PASS] 7.1.2 Scenario preserved
[PASS] 7.1.3 Response preserved
[PASS] 7.1.4 Score preserved
[BubbleAgentMemory] Storage quota exceeded, trimming data
[BubbleAgentMemory] Failed to save even after trimming: QuotaExceededError
[BubbleAgentMemory] Storage quota exceeded, trimming data
[BubbleAgentMemory] Failed to save even after trimming: QuotaExceededError
[BubbleAgentMemory] Storage quota exceeded, trimming data
[BubbleAgentMemory] Failed to save even after trimming: QuotaExceededError
[BubbleAgentMemory] Storage quota exceeded, trimming data
[BubbleAgentMemory] Failed to save even after trimming: QuotaExceededError
[BubbleAgentMemory] Storage quota exceeded, trimming data
[BubbleAgentMemory] Failed to save even after trimming: QuotaExceededError
[BubbleAgentMemory] Storage quota exceeded, trimming data
[BubbleAgentMemory] Failed to save even after trimming: QuotaExceededError
[BubbleAgentMemory] Storage quota exceeded, trimming data
[BubbleAgentMemory] Failed to save even after trimming: QuotaExceededError
[BubbleAgentMemory] Storage quota exceeded, trimming data
[BubbleAgentMemory] Failed to save even after trimming: QuotaExceededError
[BubbleAgentMemory] Storage quota exceeded, trimming data
[BubbleAgentMemory] Failed to save even after trimming: QuotaExceededError
[BubbleAgentMemory] Storage quota exceeded, trimming data
[BubbleAgentMemory] Failed to save even after trimming: QuotaExceededError
[BubbleAgentMemory] Storage quota exceeded, trimming data
[BubbleAgentMemory] Failed to save even after trimming: QuotaExceededError
[BubbleAgentMemory] Storage quota exceeded, trimming data
[BubbleAgentMemory] Failed to save even after trimming: QuotaExceededError
[BubbleAgentMemory] Storage quota exceeded, trimming data
[BubbleAgentMemory] Failed to save even after trimming: QuotaExceededError
[BubbleAgentMemory] Storage quota exceeded, trimming data
[BubbleAgentMemory] Failed to save even after trimming: QuotaExceededError
[BubbleAgentMemory] Storage quota exceeded, trimming data
[BubbleAgentMemory] Failed to save even after trimming: QuotaExceededError
[BubbleAgentMemory] Storage quota exceeded, trimming data
[BubbleAgentMemory] Failed to save even after trimming: QuotaExceededError
[BubbleAgentMemory] Storage quota exceeded, trimming data
[BubbleAgentMemory] Failed to save even after trimming: QuotaExceededError
[BubbleAgentMemory] Storage quota exceeded, trimming data
[BubbleAgentMemory] Failed to save even after trimming: QuotaExceededError
[BubbleAgentMemory] Storage quota exceeded, trimming data
[BubbleAgentMemory] Failed to save even after trimming: QuotaExceededError
[BubbleAgentMemory] Storage quota exceeded, trimming data
[BubbleAgentMemory] Failed to save even after trimming: QuotaExceededError
[BubbleAgentMemory] Storage quota exceeded, trimming data
[BubbleAgentMemory] Failed to save even after trimming: QuotaExceededError
[BubbleAgentMemory] Storage quota exceeded, trimming data
[BubbleAgentMemory] Failed to save even after trimming: QuotaExceededError
[BubbleAgentMemory] Storage quota exceeded, trimming data
[BubbleAgentMemory] Failed to save even after trimming: QuotaExceededError
[PASS] 7.1.5 Emotional responses limited to 20
[BubbleAgentMemory] State reset
[BubbleAgentMemory] Storage quota exceeded, trimming data
[BubbleAgentMemory] Failed to save even after trimming: QuotaExceededError
[PASS] 7.2.1 Raw insights recorded
[PASS] 7.2.2 Insight has timestamp
[BubbleAgentMemory] Storage quota exceeded, trimming data
[BubbleAgentMemory] Failed to save even after trimming: QuotaExceededError
[BubbleAgentMemory] Storage quota exceeded, trimming data
[BubbleAgentMemory] Failed to save even after trimming: QuotaExceededError
[BubbleAgentMemory] Storage quota exceeded, trimming data
[BubbleAgentMemory] Failed to save even after trimming: QuotaExceededError
[BubbleAgentMemory] Storage quota exceeded, trimming data
[BubbleAgentMemory] Failed to save even after trimming: QuotaExceededError
[BubbleAgentMemory] Storage quota exceeded, trimming data
[BubbleAgentMemory] Failed to save even after trimming: QuotaExceededError
[BubbleAgentMemory] Storage quota exceeded, trimming data
[BubbleAgentMemory] Failed to save even after trimming: QuotaExceededError
[BubbleAgentMemory] Storage quota exceeded, trimming data
[BubbleAgentMemory] Failed to save even after trimming: QuotaExceededError
[BubbleAgentMemory] Storage quota exceeded, trimming data
[BubbleAgentMemory] Failed to save even after trimming: QuotaExceededError
[BubbleAgentMemory] Storage quota exceeded, trimming data
[BubbleAgentMemory] Failed to save even after trimming: QuotaExceededError
[BubbleAgentMemory] Storage quota exceeded, trimming data
[BubbleAgentMemory] Failed to save even after trimming: QuotaExceededError
[BubbleAgentMemory] Storage quota exceeded, trimming data
[BubbleAgentMemory] Failed to save even after trimming: QuotaExceededError
[BubbleAgentMemory] Storage quota exceeded, trimming data
[BubbleAgentMemory] Failed to save even after trimming: QuotaExceededError
[BubbleAgentMemory] Storage quota exceeded, trimming data
[BubbleAgentMemory] Failed to save even after trimming: QuotaExceededError
[BubbleAgentMemory] Storage quota exceeded, trimming data
[BubbleAgentMemory] Failed to save even after trimming: QuotaExceededError
[BubbleAgentMemory] Storage quota exceeded, trimming data
[BubbleAgentMemory] Failed to save even after trimming: QuotaExceededError
[BubbleAgentMemory] Storage quota exceeded, trimming data
[BubbleAgentMemory] Failed to save even after trimming: QuotaExceededError
[BubbleAgentMemory] Storage quota exceeded, trimming data
[BubbleAgentMemory] Failed to save even after trimming: QuotaExceededError
[BubbleAgentMemory] Storage quota exceeded, trimming data
[BubbleAgentMemory] Failed to save even after trimming: QuotaExceededError
[BubbleAgentMemory] Storage quota exceeded, trimming data
[BubbleAgentMemory] Failed to save even after trimming: QuotaExceededError
[BubbleAgentMemory] Storage quota exceeded, trimming data
[BubbleAgentMemory] Failed to save even after trimming: QuotaExceededError
[BubbleAgentMemory] Storage quota exceeded, trimming data
[BubbleAgentMemory] Failed to save even after trimming: QuotaExceededError
[BubbleAgentMemory] Storage quota exceeded, trimming data
[BubbleAgentMemory] Failed to save even after trimming: QuotaExceededError
[BubbleAgentMemory] Storage quota exceeded, trimming data
[BubbleAgentMemory] Failed to save even after trimming: QuotaExceededError
[BubbleAgentMemory] Storage quota exceeded, trimming data
[BubbleAgentMemory] Failed to save even after trimming: QuotaExceededError
[BubbleAgentMemory] Storage quota exceeded, trimming data
[BubbleAgentMemory] Failed to save even after trimming: QuotaExceededError
[BubbleAgentMemory] Storage quota exceeded, trimming data
[BubbleAgentMemory] Failed to save even after trimming: QuotaExceededError
[BubbleAgentMemory] Storage quota exceeded, trimming data
[BubbleAgentMemory] Failed to save even after trimming: QuotaExceededError
[BubbleAgentMemory] Storage quota exceeded, trimming data
[BubbleAgentMemory] Failed to save even after trimming: QuotaExceededError
[BubbleAgentMemory] Storage quota exceeded, trimming data
[BubbleAgentMemory] Failed to save even after trimming: QuotaExceededError
[BubbleAgentMemory] Storage quota exceeded, trimming data
[BubbleAgentMemory] Failed to save even after trimming: QuotaExceededError
[BubbleAgentMemory] Storage quota exceeded, trimming data
[BubbleAgentMemory] Failed to save even after trimming: QuotaExceededError
[BubbleAgentMemory] Storage quota exceeded, trimming data
[BubbleAgentMemory] Failed to save even after trimming: QuotaExceededError
[BubbleAgentMemory] Storage quota exceeded, trimming data
[BubbleAgentMemory] Failed to save even after trimming: QuotaExceededError
[BubbleAgentMemory] Storage quota exceeded, trimming data
[BubbleAgentMemory] Failed to save even after trimming: QuotaExceededError
[BubbleAgentMemory] Storage quota exceeded, trimming data
[BubbleAgentMemory] Failed to save even after trimming: QuotaExceededError
[BubbleAgentMemory] Storage quota exceeded, trimming data
[BubbleAgentMemory] Failed to save even after trimming: QuotaExceededError
[BubbleAgentMemory] Storage quota exceeded, trimming data
[BubbleAgentMemory] Failed to save even after trimming: QuotaExceededError
[BubbleAgentMemory] Storage quota exceeded, trimming data
[BubbleAgentMemory] Failed to save even after trimming: QuotaExceededError
[BubbleAgentMemory] Storage quota exceeded, trimming data
[BubbleAgentMemory] Failed to save even after trimming: QuotaExceededError
[BubbleAgentMemory] Storage quota exceeded, trimming data
[BubbleAgentMemory] Failed to save even after trimming: QuotaExceededError
[BubbleAgentMemory] Storage quota exceeded, trimming data
[BubbleAgentMemory] Failed to save even after trimming: QuotaExceededError
[BubbleAgentMemory] Storage quota exceeded, trimming data
[BubbleAgentMemory] Failed to save even after trimming: QuotaExceededError
[BubbleAgentMemory] Storage quota exceeded, trimming data
[BubbleAgentMemory] Failed to save even after trimming: QuotaExceededError
[BubbleAgentMemory] Storage quota exceeded, trimming data
[BubbleAgentMemory] Failed to save even after trimming: QuotaExceededError
[BubbleAgentMemory] Storage quota exceeded, trimming data
[BubbleAgentMemory] Failed to save even after trimming: QuotaExceededError
[BubbleAgentMemory] Storage quota exceeded, trimming data
[BubbleAgentMemory] Failed to save even after trimming: QuotaExceededError
[BubbleAgentMemory] Storage quota exceeded, trimming data
[BubbleAgentMemory] Failed to save even after trimming: QuotaExceededError
[BubbleAgentMemory] Storage quota exceeded, trimming data
[BubbleAgentMemory] Failed to save even after trimming: QuotaExceededError
[BubbleAgentMemory] Storage quota exceeded, trimming data
[BubbleAgentMemory] Failed to save even after trimming: QuotaExceededError
[BubbleAgentMemory] Storage quota exceeded, trimming data
[BubbleAgentMemory] Failed to save even after trimming: QuotaExceededError
[BubbleAgentMemory] Storage quota exceeded, trimming data
[BubbleAgentMemory] Failed to save even after trimming: QuotaExceededError
[BubbleAgentMemory] Storage quota exceeded, trimming data
[BubbleAgentMemory] Failed to save even after trimming: QuotaExceededError
[BubbleAgentMemory] Storage quota exceeded, trimming data
[BubbleAgentMemory] Failed to save even after trimming: QuotaExceededError
[BubbleAgentMemory] Storage quota exceeded, trimming data
[BubbleAgentMemory] Failed to save even after trimming: QuotaExceededError
[BubbleAgentMemory] Storage quota exceeded, trimming data
[BubbleAgentMemory] Failed to save even after trimming: QuotaExceededError
[PASS] 7.2.3 Raw insights limited to 50
[BubbleAgentMemory] State reset
[PASS] 7.3.1 Hours since last visit is 0 for fresh state
[BubbleAgentMemory] State reset
[PASS] 7.4.1 Initial onboarding progress is 0
[BubbleAgentMemory] Storage quota exceeded, trimming data
[BubbleAgentMemory] Failed to save even after trimming: QuotaExceededError
[PASS] 7.4.2 Onboarding progress getter works
[BubbleAgentMemory] State reset
[PASS] 7.5.1 Full state has version
[PASS] 7.5.2 Full state has createdAt
[PASS] 7.5.3 Full state has lastUpdated
[PASS] 7.5.4 Full state has profile
[PASS] 7.5.5 Full state has journey
[PASS] 7.5.6 Full state has memory
[PASS] 7.6.1 Score 0 contains Prudent (Tres Prudent)
[PASS] 7.6.2 Score 19 contains Prudent (Tres Prudent)
[PASS] 7.6.3 Score 20 = Prudent
[PASS] 7.6.4 Score 39 = Prudent
[PASS] 7.6.5 Score 40 contains quilibr (Equilibre)
[PASS] 7.6.6 Score 59 contains quilibr (Equilibre)
[PASS] 7.6.7 Score 60 = Dynamique
[PASS] 7.6.8 Score 79 = Dynamique
[PASS] 7.6.9 Score 80 = Offensif
[PASS] 7.6.10 Score 100 = Offensif
[BubbleAgentMemory] State reset
[BubbleAgentMemory] Storage quota exceeded, trimming data
[BubbleAgentMemory] Failed to save even after trimming: QuotaExceededError
[PASS] 7.7.1 Score 0 = 0% stocks
[PASS] 7.7.2 Score 0 = high bonds
[BubbleAgentMemory] State reset
[BubbleAgentMemory] Storage quota exceeded, trimming data
[BubbleAgentMemory] Failed to save even after trimming: QuotaExceededError
[PASS] 7.7.3 Score 100 = 80% stocks (max)

============================================================
TEST SUMMARY
============================================================
Passed: 172
Failed: 1
Total:  173
============================================================
SOME TESTS FAILED
